<!DOCTYPE html><html lang="en"><head><meta charset="utf-8"><title>default post name</title><meta name="viewport" content="width=device-width, initial-scale=1.0"><meta name="keywords" content="site, cool, stuff"><meta name="description" content=""><meta name="author" content="Your Name"><!-- Le styles --><!-- Le HTML5 shim, for IE6-8 support of HTML5 elements --><!--[if lt IE 9]><script src="http://html5shim.googlecode.com/svn/trunk/html5.js"></script><![endif]--><!-- Le fav and touch icons --><link rel="shortcut icon" href="assets/img/favicon.ico" type="image/x-icon"><!--<link rel="apple-touch-icon-precomposed" sizes="144x144" href="../assets/ico/apple-touch-icon-144-precomposed.png"><link rel="apple-touch-icon-precomposed" sizes="114x114" href="../assets/ico/apple-touch-icon-114-precomposed.png"><link rel="apple-touch-icon-precomposed" sizes="72x72" href="../assets/ico/apple-touch-icon-72-precomposed.png"><link rel="apple-touch-icon-precomposed" href="../assets/ico/apple-touch-icon-57-precomposed.png">--></head><body class=""><div class="site-nav"><p>Your navigation goes here</p></div><div class="post"><h1>A First Level Header</h1>

<h2>A Second Level Header</h2>

<p>Now is the time for all good men to come to
the aid of their country. This is just a
regular paragraph.</p>

<p>The quick brown fox jumped over the lazy
dog&#39;s back.</p>

<h3>Header 3</h3>

<blockquote><p>This is a blockquote.</p><p>This is the second paragraph in the blockquote.</p><h2>This is an H2 in a blockquote</h2></blockquote></div></body></html>