<!DOCTYPE html><html lang="en"><head><meta charset="utf-8"><title>Site Title</title><meta name="viewport" content="width=device-width, initial-scale=1.0"><meta name="keywords" content="awesomeness"><meta name="description" content=""><meta name="author" content="Your Name"><!-- Le styles --><!-- Le HTML5 shim, for IE6-8 support of HTML5 elements --><!--[if lt IE 9]><script src="http://html5shim.googlecode.com/svn/trunk/html5.js"></script><![endif]--><!-- Le fav and touch icons --><link rel="shortcut icon" href="assets/img/favicon.ico" type="image/x-icon"><!--<link rel="apple-touch-icon-precomposed" sizes="144x144" href="../assets/ico/apple-touch-icon-144-precomposed.png"><link rel="apple-touch-icon-precomposed" sizes="114x114" href="../assets/ico/apple-touch-icon-114-precomposed.png"><link rel="apple-touch-icon-precomposed" sizes="72x72" href="../assets/ico/apple-touch-icon-72-precomposed.png"><link rel="apple-touch-icon-precomposed" href="../assets/ico/apple-touch-icon-57-precomposed.png">--></head><body class=""><div class="site-nav"><p>Your navigation goes here</p></div><div class="post"><article class="hentry"><header><h1 class="entry-title">Title</h1><h2 class="entry-summary">Summary</h2><time class="updated" datetime="2012-01-07 11:11:03-0400" pubdate>01-07-2012</time><p class="byline author vcard">By <span class="fn">Full Name</span></p></header><div class="entry-content"><p>...article text...</p><p>...article text...</p><figure><img src="img.jpg" alt="Alt Title" /><figcaption>Caption</figcaption></figure><p>...article text...</p><p>...article text...</p><aside><h2>Share this Article</h2><ul><li>Facebook</li><li>Twitter</li><li>Etc</li></ul></aside><div class="entry-content-asset"><a href="photo-full.png"> <img src="photo.png" alt="Alt Title" /> </a></div><p>...article text...</p><p>...article text...</p><a class="entry-unrelated" href="http://a.site/">Link Text</a></div><footer><p>...footer text...</p><div class="source-org vcard copyright">Copyright 2012 <span class="org fn">Your Name</span></div></footer></article></div></body></html>