{"files":{"test/content/blog/another/yetanother/random.dust":{"context":{}},"test/content/blog/another/yetanother/random.json":{"context":{"title":"random post","author":"Your Name","tags":"site, cool, stuff","layout":"test/partials/post.dust","blog md":"something at blog level-inside","other":"yet another piece of metadata","yet another md":"something at yetanother level","template":"templates/random","random md":"something at random level"},"contents":{"title":"random post","template":"templates/random","random md":"something at random level"}},"test/content/blog/another/yetanother/yetanother.json":{"context":{"title":"yetanother title","author":"Your Name","tags":"site, cool, stuff","layout":"test/partials/post.dust","blog md":"something at blog level-inside","other":"yet another piece of metadata","yet another md":"something at yetanother level"},"contents":{"other":"yet another piece of metadata","yet another md":"something at yetanother level","title":"yetanother title"}},"test/content/blog/authors/authors.json":{"context":{"title":"default title for authors page","author":"Your Name","tags":"site, cool, stuff","layout":"test/partials/post.dust","blog md":"something at blog level-inside","template":"templates/author"},"contents":{"template":"templates/author","title":"default title for authors page"}},"test/content/blog/blog.json":{"context":{"title":"The original blog title-inside","author":"Your Name","tags":"site, cool, stuff","layout":"test/partials/post.dust","blog md":"something at blog level-inside"},"contents":{"title":"The original blog title-inside","blog md":"something at blog level-inside"}},"test/content/blog/posts/post1.md":{"context":{}},"test/content/blog/posts/post2/sample.js":{"context":{}},"test/content/blog/posts/post2.dust":{"context":{}},"test/content/blog/posts/post2.json":{"context":{"title":"post 2","author":"Your Name","tags":"site, cool, stuff","layout":"test/partials/post.dust","blog md":"something at blog level-inside","template":"templates/postspecial","file":"post2"},"contents":{"title":"post 2","template":"templates/postspecial","file":"post2"}},"test/content/blog/posts/post3.dust":{"context":{}},"test/content/blog/posts/post4.jade":{"context":{}},"test/content/blog/posts/post4.json":{"context":{"title":"Hello World","author":"Your Name","tags":"site, cool, stuff","layout":"test/partials/post.dust","blog md":"something at blog level-inside","template":"templates/post","file":"post4","other":"something else","name":"post 4 name"},"contents":{"title":"Hello World","other":"something else","name":"post 4 name","file":"post4"}},"test/content/blog/posts/posts.json":{"context":{"title":"default post name","author":"Your Name","tags":"site, cool, stuff","layout":"test/partials/post.dust","blog md":"something at blog level-inside","template":"templates/post","file":"posts"},"contents":{"template":"templates/post","title":"default post name","file":"posts"}},"test/content/pages/about.dust":{"context":{}},"test/content/pages/about.json":{"context":{"title":"about me","author":"Your Name","tags":"site, cool, stuff","layout":"test/partials/post.dust","metadata":"pages context","nav":["go home","page 2","page 3"],"template":"templates/about"},"contents":{"title":"about me","template":"templates/about","nav":["go home"]}},"test/content/pages/index.dust":{"context":{}},"test/content/pages/index.json":{"context":{"title":"default page title","author":"Your Name","tags":"site, cool, stuff","layout":"test/partials/post.dust","metadata":"pages context","nav":["page 1","page 2","page 3"]},"contents":{}},"test/content/pages/pages.json":{"context":{"title":"default page title","author":"Your Name","tags":"site, cool, stuff","layout":"test/partials/post.dust","metadata":"pages context","nav":["page 1","page 2","page 3"]},"contents":{"metadata":"pages context","title":"default page title","nav":["page 1","page 2","page 3"]}},"test/content/resources/resources.json":{"context":{"title":"Site Title","author":"Your Name","tags":"site, cool, stuff","layout":"test/partials/post.dust","md1":"resources context"},"contents":{"md1":"resources context"}}},"directories":{"test/content":{"files":[],"context":{"title":"Site Title","author":"Your Name","tags":"site, cool, stuff","layout":"test/partials/post.dust"}},"test/content/blog":{"files":["test/content/blog/blog.json"],"context":{"title":"The original blog title-inside","author":"Your Name","tags":"site, cool, stuff","layout":"test/partials/post.dust","blog md":"something at blog level-inside"}},"test/content/blog/another":{"files":[],"context":{"title":"Site Title","author":"Your Name","tags":"site, cool, stuff","layout":"test/partials/post.dust"}},"test/content/blog/another/yetanother":{"files":["test/content/blog/another/yetanother/random.dust","test/content/blog/another/yetanother/random.json","test/content/blog/another/yetanother/yetanother.json"],"context":{"title":"yetanother title","author":"Your Name","tags":"site, cool, stuff","layout":"test/partials/post.dust","other":"yet another piece of metadata","yet another md":"something at yetanother level"}},"test/content/blog/authors":{"files":["test/content/blog/authors/authors.json"],"context":{"title":"default title for authors page","author":"Your Name","tags":"site, cool, stuff","layout":"test/partials/post.dust","template":"templates/author"}},"test/content/blog/posts":{"files":["test/content/blog/posts/post1.md","test/content/blog/posts/post2.dust","test/content/blog/posts/post2.json","test/content/blog/posts/post3.dust","test/content/blog/posts/post4.jade","test/content/blog/posts/post4.json","test/content/blog/posts/posts.json"],"context":{"title":"default post name","author":"Your Name","tags":"site, cool, stuff","layout":"test/partials/post.dust","template":"templates/post","file":"posts"}},"test/content/blog/posts/post2":{"files":["test/content/blog/posts/post2/sample.js"],"context":{}},"test/content/pages":{"files":["test/content/pages/about.dust","test/content/pages/about.json","test/content/pages/index.dust","test/content/pages/index.json","test/content/pages/pages.json"],"context":{"title":"default page title","author":"Your Name","tags":"site, cool, stuff","layout":"test/partials/post.dust","metadata":"pages context","nav":["page 1","page 2","page 3"]}},"test/content/resources":{"files":["test/content/resources/resources.json"],"context":{"title":"Site Title","author":"Your Name","tags":"site, cool, stuff","layout":"test/partials/post.dust","md1":"resources context"}},"test":{"files":[],"context":{"title":"Site Title","author":"Your Name","tags":"site, cool, stuff","layout":"test/partials/post.dust"}}}}