<!DOCTYPE html><html lang="en"><head><meta charset="utf-8"><title>Site Title</title><meta name="viewport" content="width=device-width, initial-scale=1.0"><meta name="keywords" content="awesomeness"><meta name="description" content=""><meta name="author" content="Your Name"><!-- Le styles --><!-- Le HTML5 shim, for IE6-8 support of HTML5 elements --><!--[if lt IE 9]><script src="http://html5shim.googlecode.com/svn/trunk/html5.js"></script><![endif]--><!-- Le fav and touch icons --><link rel="shortcut icon" href="assets/img/favicon.ico" type="image/x-icon"><!--<link rel="apple-touch-icon-precomposed" sizes="144x144" href="../assets/ico/apple-touch-icon-144-precomposed.png"><link rel="apple-touch-icon-precomposed" sizes="114x114" href="../assets/ico/apple-touch-icon-114-precomposed.png"><link rel="apple-touch-icon-precomposed" sizes="72x72" href="../assets/ico/apple-touch-icon-72-precomposed.png"><link rel="apple-touch-icon-precomposed" href="../assets/ico/apple-touch-icon-57-precomposed.png">--></head><body class=""><div class="site-nav"><p>Your navigation goes here</p></div><div class="post"><p>foo bar baz
rawr rawr
super cool
go jade go</p><h1>Hello World</h1></div></body></html>